
> free-nextjs-admin-dashboard@2.0.2 build
> next build

   Γû▓ Next.js 15.2.3
   - Environments: .env

   Creating an optimized production build ...
node.exe : Failed to 
compile.
At C:\Program Files\nod
ejs\npm.ps1:16 char:5
+     & 
"$basedir/node$exe"  "$
basedir/node_modules/np
m/bin/npm-cli.js" ...
+     ~~~~~~~~~~~~~~~~~
~~~~~~~~~~~~~~~~~~~~~~~
~~~~~~~~~~~~~~~~~~~~~~~
~~
    + CategoryInfo     
         : NotSpecifi  
  ed: (Failed to com   
 pile.:String) [],     
RemoteException
    + FullyQualifiedEr 
   rorId : NativeComm  
  andError
 

./src/components/auth/S
ignInForm.tsx
Error:   [31mx[0m 
You're importing a 
component that needs 
`useState`. This React 
hook only works in a 
client component. To 
fix, mark the file (or 
its parent) with the 
`"use client"` 
directive.
  [31m|[0m 
  [31m|[0m  Learn 
more: https://nextjs.or
g/docs/app/api-referenc
e/directives/use-client
  [31m|[0m 
  [31m|[0m 
   ,-[[36;1;4mD:\Proje
ct\Surya\ReflexyCMS\src
\components\auth\SignIn
Form.tsx[0m:6:1]
 [2m3[0m | import 
Button from "@/componen
ts/ui/button/Button";
 [2m4[0m | import { 
EyeCloseIcon, EyeIcon 
} from "@/icons";
 [2m5[0m | 
 [2m6[0m | import 
React, { useState } 
from "react";
   : [35;1m           
     ^^^^^^^^[0m
 [2m7[0m | import { 
useRouter } from 
"next/navigation";
 [2m8[0m | import 
axiosInstance from 
"@/lib/axios";
   `----
  [31mx[0m You're 
importing a component 
that needs 
`useRouter`. This 
React hook only works 
in a client component. 
To fix, mark the file 
(or its parent) with 
the `"use client"` 
directive.
  [31m|[0m 
  [31m|[0m  Learn 
more: https://nextjs.or
g/docs/app/api-referenc
e/directives/use-client
  [31m|[0m 
  [31m|[0m 
    ,-[[36;1;4mD:\Proj
ect\Surya\ReflexyCMS\sr
c\components\auth\SignI
nForm.tsx[0m:7:1]
 [2m 4[0m | import { 
EyeCloseIcon, EyeIcon 
} from "@/icons";
 [2m 5[0m | 
 [2m 6[0m | import 
React, { useState } 
from "react";
 [2m 7[0m | import { 
useRouter } from 
"next/navigation";
    : [35;1m         
^^^^^^^^^[0m
 [2m 8[0m | import 
axiosInstance from 
"@/lib/axios";
 [2m 9[0m | 
 [2m10[0m | import { 
useAuthStore } from 
"@/store/authStore";
    `----

Import trace for 
requested module:
./src/components/auth/S
ignInForm.tsx
./src/app/(full-width-p
ages)/(auth)/signin/pag
e.tsx


> Build failed because 
of webpack errors
