src/components/auth/SignInForm.tsx(44,25): error TS2339: Property 'isAxiosError' does not exist on type 'AxiosInstance'.
src/components/auth/SignInForm.tsx(46,11): error TS18046: 'err' is of type 'unknown'.
